▿ 1 key/value pair
  ▿ (2 elements)
    - key: "InternalError"
    ▿ value: 1 key/value pair
      ▿ (2 elements)
        - key: "value"
        - value: 10
